// Jest Snapshot v1, https://goo.gl/fbAQLP

exports[`Card Should card render and take snapshot 1`] = `
.c0 {
  width: 30rem;
  height: 18rem;
  background: #ffffff;
  box-shadow: 2px 2px 4px rgba(0,0,0,0.07);
  border-radius: 4px;
  padding: 2.6rem;
  margin: 4rem;
}

.c1 {
  font-weight: bold;
  font-size: 24px;
  color: #4a4a4a;
}

.c2 {
  font-weight: normal;
  font-size: 16px;
  color: #797979;
  margin-bottom: 3rem;
}

.c3 {
  background: #456fe8;
  border-radius: 5rem;
  padding: 0.8rem 2.2rem;
  color: #ffffff;
  font-weight: bold;
  font-size: 1.8rem;
  border: 0;
  cursor: pointer;
}

.c3:hover {
  background: #3652a4;
  -webkit-transition: background 0.4s;
  transition: background 0.4s;
}

<article
  class="c0"
  role="card"
>
  <h1
    class="c1"
  >
    React component
  </h1>
  <h2
    class="c2"
  >
    How to create a component
  </h2>
  <button
    class="c3"
    type="submit"
  >
    Create
  </button>
</article>
`;
